[33mÔØ»[39m Building...
[32mÔ£ö[39m Building...
[1mInitial chunk files[22m  [2m | [22m[1mNames[22m                [2m | [22m [1mRaw size[22m[2m | [22m[1mEstimated transfer size[22m
[32mchunk-GZKWEB3X.js[39m    [2m | [22m[2m-[22m                    [2m | [22m[36m102.83 kB[39m[2m | [22m               [36m30.59 kB[39m
[32mmain-3N5ZJOPB.js[39m     [2m | [22m[2mmain[22m                 [2m | [22m [36m80.03 kB[39m[2m | [22m               [36m20.55 kB[39m
[32mpolyfills-B6TNHZQ6.js[39m[2m | [22m[2mpolyfills[22m            [2m | [22m [36m34.58 kB[39m[2m | [22m               [36m11.32 kB[39m
[32mchunk-CLN5YTF2.js[39m    [2m | [22m[2m-[22m                    [2m | [22m [36m21.91 kB[39m[2m | [22m                [36m6.17 kB[39m
[32mchunk-2NFLSA4Y.js[39m    [2m | [22m[2m-[22m                    [2m | [22m[36m449 bytes[39m[2m | [22m              [36m449 bytes[39m
[32mstyles-ZREA2T6B.css[39m  [2m | [22m[2mstyles[22m               [2m | [22m [36m60 bytes[39m[2m | [22m               [36m60 bytes[39m

[1m [22m                    [2m | [22m[1mInitial total[22m        [2m | [22m[1m239.86 kB[22m[2m | [22m               [1m69.14 kB[22m

[1mLazy chunk files[22m     [2m | [22m[1mNames[22m                [2m | [22m [1mRaw size[22m[2m | [22m[1mEstimated transfer size[22m
[32mchunk-VLOWEQRJ.js[39m    [2m | [22m[2muser-list-component[22m  [2m | [22m  [36m6.52 kB[39m[2m | [22m                [36m2.34 kB[39m
[32mchunk-6ZEB572W.js[39m    [2m | [22m[2muser-detail-component[22m[2m | [22m[36m374 bytes[39m[2m | [22m              [36m374 bytes[39m
[32mchunk-VXB2PKBE.js[39m    [2m | [22m[2mlogin-component[22m      [2m | [22m[36m357 bytes[39m[2m | [22m              [36m357 bytes[39m
[32mchunk-PJ64BVTE.js[39m    [2m | [22m[2musers-routes[22m         [2m | [22m[36m242 bytes[39m[2m | [22m              [36m242 bytes[39m
[32mchunk-QLHGU2Y3.js[39m    [2m | [22m[2midentity-routes[22m      [2m | [22m[36m155 bytes[39m[2m | [22m              [36m155 bytes[39m

Application bundle generation complete. [1.888 seconds]

node.exe : [1m[33m[33mÔû▓ [43;33m[[43;30mWARNING[43;33m]
[0m [1mTS-998113: ButtonComponent is not used within the tem
plate of UserListComponent[0m [1m[35m[plugin angular-compil
er][0m
At C:\Users\Tunga\AppData\Roaming\npm\ng.ps1:24 char:5
+     & "node$exe"  "$basedir/node_modules/@angular/cli/bin/ng
.js" $arg ...
+     ~~~~~~~~~~~~~~~~~~~~~~~~~~~~~~~~~~~~~~~~~~~~~~~~~~~~~~~~
~~~~~~~~~
    + CategoryInfo          : NotSpecified: ([1m[33m[33mÔ. 
   ..r-compiler][0m:String) [], RemoteException
    + FullyQualifiedErrorId : NativeCommandError
 

    apps/EGM.PolNet.HKS.Web/src/app/domains/users/pages/user-l
ist/user-list.component.ts:9:26:
[37m      9 Ôöé   imports: [CommonModule, [32mButtonComponen
t[37m],
        ÔòÁ                           [32m~~~~~~~~~~~~~~~[0m

[39m[22m
Output location: C:\Users\Tunga\Desktop\BaseAngularFramework\dist\egm-polnet-hks-web

